D:\CodeSpace\EclipseWS\ShoppingApp\productservice\src\main\java\com\microservice\productservice\entity\Product.java
D:\CodeSpace\EclipseWS\ShoppingApp\productservice\src\main\java\com\microservice\productservice\service\ProductService.java
D:\CodeSpace\EclipseWS\ShoppingApp\productservice\src\main\java\com\microservice\productservice\exception\ProductServiceCustomException.java
D:\CodeSpace\EclipseWS\ShoppingApp\productservice\src\main\java\com\microservice\productservice\payload\request\ProductRequest.java
D:\CodeSpace\EclipseWS\ShoppingApp\productservice\src\main\java\com\microservice\productservice\payload\response\ErrorResponse.java
D:\CodeSpace\EclipseWS\ShoppingApp\productservice\src\main\java\com\microservice\productservice\controller\ProductController.java
D:\CodeSpace\EclipseWS\ShoppingApp\productservice\src\main\java\com\microservice\productservice\service\impl\ProductServiceImpl.java
D:\CodeSpace\EclipseWS\ShoppingApp\productservice\src\main\java\com\microservice\productservice\ProductserviceApplication.java
D:\CodeSpace\EclipseWS\ShoppingApp\productservice\src\main\java\com\microservice\productservice\payload\response\ProductResponse.java
D:\CodeSpace\EclipseWS\ShoppingApp\productservice\src\main\java\com\microservice\productservice\repository\ProductRepository.java
